ASIS warning:
Asis.Ada_Environments.Open: body is not compiled for Bad_Declares_Function
Aliased parameters not allowed.
