Warning: "   use all type Ada.Strings.Trim_End;" is ignored.
