package Good_Optional_Help is

procedure Run (Help : in     Standard.Boolean := False);

end Good_Optional_Help;
