package Good_Example is

   procedure No_Arguments;

end Good_Example;
