package Good_Optional_Help_With_Private_Part is

procedure Run (Help : in     Standard.Boolean := False);

end Good_Optional_Help_With_Private_Part;
