Warning: "   subtype One is Integer
     with Dynamic_Predicate => One /= 2;" is ignored.
