Warning: "   type Choices is (Interactive, Batch, Service);" is ignored.
